[2026-01-09 12:57:57.261683] Kernel: 11 | Senaste: 6.18.4
[2026-01-09 12:57:57.262372] VARNING: Kernel ej uppdaterad
[2026-01-09 12:57:57.264029] Kunde inte läsa /etc/passwd
[2026-01-09 13:53:59.475928] SUID-filer hittade: 1
[2026-01-09 13:53:59.476600] SUID: 
[2026-01-09 13:53:59.479253] Kernel: 11 | Senaste: 6.18.4
[2026-01-09 13:53:59.480141] VARNING: Kernel ej uppdaterad
[2026-01-09 13:53:59.481198] Kunde inte läsa /etc/passwd
|------------------------------------|
Loggning startad {datum}[2026-01-10 14:44:47.106850] SUID-filer hittade: 33
[2026-01-10 14:44:47.113092] SUID: /usr/sbin/pppd
[2026-01-10 14:44:47.113137] SUID: /usr/sbin/mount.nfs
[2026-01-10 14:44:47.113162] SUID: /usr/sbin/mount.cifs
[2026-01-10 14:44:47.113183] SUID: /usr/lib/xorg/Xorg.wrap
[2026-01-10 14:44:47.113204] SUID: /usr/lib/polkit-1/polkit-agent-helper-1
[2026-01-10 14:44:47.113224] SUID: /usr/lib/dbus-1.0/dbus-daemon-launch-helper
[2026-01-10 14:44:47.113245] SUID: /usr/lib/chromium/chrome-sandbox
[2026-01-10 14:44:47.113264] SUID: /usr/lib/openssh/ssh-keysign
[2026-01-10 14:44:47.113285] SUID: /usr/bin/passwd
[2026-01-10 14:44:47.113304] SUID: /usr/bin/kismet_cap_rz_killerbee
[2026-01-10 14:44:47.113324] SUID: /usr/bin/kismet_cap_ti_cc_2531
[2026-01-10 14:44:47.113344] SUID: /usr/bin/rsh-redone-rsh
[2026-01-10 14:44:47.113363] SUID: /usr/bin/kismet_cap_nxp_kw41z
[2026-01-10 14:44:47.113382] SUID: /usr/bin/umount
[2026-01-10 14:44:47.113402] SUID: /usr/bin/ntfs-3g
[2026-01-10 14:44:47.113422] SUID: /usr/bin/su
[2026-01-10 14:44:47.113441] SUID: /usr/bin/newgrp
[2026-01-10 14:44:47.113461] SUID: /usr/bin/chfn
[2026-01-10 14:44:47.113480] SUID: /usr/bin/kismet_cap_nrf_51822
[2026-01-10 14:44:47.113500] SUID: /usr/bin/kismet_cap_linux_wifi
[2026-01-10 14:44:47.113519] SUID: /usr/bin/kismet_cap_ti_cc_2540
[2026-01-10 14:44:47.113537] SUID: /usr/bin/kismet_cap_nrf_52840
[2026-01-10 14:44:47.113557] SUID: /usr/bin/gpasswd
[2026-01-10 14:44:47.113576] SUID: /usr/bin/kismet_cap_ubertooth_one
[2026-01-10 14:44:47.113595] SUID: /usr/bin/fusermount3
[2026-01-10 14:44:47.113615] SUID: /usr/bin/pkexec
[2026-01-10 14:44:47.113633] SUID: /usr/bin/rsh-redone-rlogin
[2026-01-10 14:44:47.113653] SUID: /usr/bin/kismet_cap_linux_bluetooth
[2026-01-10 14:44:47.113672] SUID: /usr/bin/chsh
[2026-01-10 14:44:47.113690] SUID: /usr/bin/mount
[2026-01-10 14:44:47.113710] SUID: /usr/bin/sudo
[2026-01-10 14:44:47.113729] SUID: /usr/bin/kismet_cap_nrf_mousejack
[2026-01-10 14:44:47.113748] SUID: /usr/bin/kismet_cap_hak5_wifi_coconut
[2026-01-10 14:44:47.115604] Kernel: 6.12.38+kali-amd64 | Senaste: 6.18.4
[2026-01-10 14:44:47.115686] VARNING: Kernel ej uppdaterad
[2026-01-10 14:44:47.120097] UID 0-användare: root
Loggning avslutas.
|------------------------------------||------------------------------------|
Loggning startad {datum}[2026-01-10 14:48:11.533620] SUID-filer hittade: 33
[2026-01-10 14:48:11.533776] SUID: /usr/sbin/pppd
[2026-01-10 14:48:11.533810] SUID: /usr/sbin/mount.nfs
[2026-01-10 14:48:11.533834] SUID: /usr/sbin/mount.cifs
[2026-01-10 14:48:11.533858] SUID: /usr/lib/xorg/Xorg.wrap
[2026-01-10 14:48:11.533880] SUID: /usr/lib/polkit-1/polkit-agent-helper-1
[2026-01-10 14:48:11.533901] SUID: /usr/lib/dbus-1.0/dbus-daemon-launch-helper
[2026-01-10 14:48:11.533922] SUID: /usr/lib/chromium/chrome-sandbox
[2026-01-10 14:48:11.533942] SUID: /usr/lib/openssh/ssh-keysign
[2026-01-10 14:48:11.533964] SUID: /usr/bin/passwd
[2026-01-10 14:48:11.533984] SUID: /usr/bin/kismet_cap_rz_killerbee
[2026-01-10 14:48:11.534004] SUID: /usr/bin/kismet_cap_ti_cc_2531
[2026-01-10 14:48:11.534024] SUID: /usr/bin/rsh-redone-rsh
[2026-01-10 14:48:11.534045] SUID: /usr/bin/kismet_cap_nxp_kw41z
[2026-01-10 14:48:11.534065] SUID: /usr/bin/umount
[2026-01-10 14:48:11.534085] SUID: /usr/bin/ntfs-3g
[2026-01-10 14:48:11.534105] SUID: /usr/bin/su
[2026-01-10 14:48:11.534125] SUID: /usr/bin/newgrp
[2026-01-10 14:48:11.534144] SUID: /usr/bin/chfn
[2026-01-10 14:48:11.534164] SUID: /usr/bin/kismet_cap_nrf_51822
[2026-01-10 14:48:11.534183] SUID: /usr/bin/kismet_cap_linux_wifi
[2026-01-10 14:48:11.534203] SUID: /usr/bin/kismet_cap_ti_cc_2540
[2026-01-10 14:48:11.534244] SUID: /usr/bin/kismet_cap_nrf_52840
[2026-01-10 14:48:11.534262] SUID: /usr/bin/gpasswd
[2026-01-10 14:48:11.534280] SUID: /usr/bin/kismet_cap_ubertooth_one
[2026-01-10 14:48:11.534299] SUID: /usr/bin/fusermount3
[2026-01-10 14:48:11.534317] SUID: /usr/bin/pkexec
[2026-01-10 14:48:11.534335] SUID: /usr/bin/rsh-redone-rlogin
[2026-01-10 14:48:11.534353] SUID: /usr/bin/kismet_cap_linux_bluetooth
[2026-01-10 14:48:11.534371] SUID: /usr/bin/chsh
[2026-01-10 14:48:11.534389] SUID: /usr/bin/mount
[2026-01-10 14:48:11.534407] SUID: /usr/bin/sudo
[2026-01-10 14:48:11.534425] SUID: /usr/bin/kismet_cap_nrf_mousejack
[2026-01-10 14:48:11.534443] SUID: /usr/bin/kismet_cap_hak5_wifi_coconut
[2026-01-10 14:48:11.535904] Kernel: 6.12.38+kali-amd64 | Senaste: 6.18.4
[2026-01-10 14:48:11.535962] VARNING: Kernel ej uppdaterad
[2026-01-10 14:48:11.536941] UID 0-användare: root
Loggning avslutas.
|------------------------------------||------------------------------------|
Loggning startad {datum}
[2026-01-10 14:50:36.313896] SUID-filer hittade: 33
[2026-01-10 14:50:36.314019] SUID: /usr/sbin/pppd
[2026-01-10 14:50:36.314050] SUID: /usr/sbin/mount.nfs
[2026-01-10 14:50:36.314074] SUID: /usr/sbin/mount.cifs
[2026-01-10 14:50:36.314096] SUID: /usr/lib/xorg/Xorg.wrap
[2026-01-10 14:50:36.314117] SUID: /usr/lib/polkit-1/polkit-agent-helper-1
[2026-01-10 14:50:36.314138] SUID: /usr/lib/dbus-1.0/dbus-daemon-launch-helper
[2026-01-10 14:50:36.314159] SUID: /usr/lib/chromium/chrome-sandbox
[2026-01-10 14:50:36.314178] SUID: /usr/lib/openssh/ssh-keysign
[2026-01-10 14:50:36.314199] SUID: /usr/bin/passwd
[2026-01-10 14:50:36.314219] SUID: /usr/bin/kismet_cap_rz_killerbee
[2026-01-10 14:50:36.314240] SUID: /usr/bin/kismet_cap_ti_cc_2531
[2026-01-10 14:50:36.314259] SUID: /usr/bin/rsh-redone-rsh
[2026-01-10 14:50:36.314279] SUID: /usr/bin/kismet_cap_nxp_kw41z
[2026-01-10 14:50:36.314298] SUID: /usr/bin/umount
[2026-01-10 14:50:36.314324] SUID: /usr/bin/ntfs-3g
[2026-01-10 14:50:36.314344] SUID: /usr/bin/su
[2026-01-10 14:50:36.314365] SUID: /usr/bin/newgrp
[2026-01-10 14:50:36.314421] SUID: /usr/bin/chfn
[2026-01-10 14:50:36.314457] SUID: /usr/bin/kismet_cap_nrf_51822
[2026-01-10 14:50:36.314481] SUID: /usr/bin/kismet_cap_linux_wifi
[2026-01-10 14:50:36.314501] SUID: /usr/bin/kismet_cap_ti_cc_2540
[2026-01-10 14:50:36.314522] SUID: /usr/bin/kismet_cap_nrf_52840
[2026-01-10 14:50:36.314542] SUID: /usr/bin/gpasswd
[2026-01-10 14:50:36.314563] SUID: /usr/bin/kismet_cap_ubertooth_one
[2026-01-10 14:50:36.314585] SUID: /usr/bin/fusermount3
[2026-01-10 14:50:36.314606] SUID: /usr/bin/pkexec
[2026-01-10 14:50:36.314626] SUID: /usr/bin/rsh-redone-rlogin
[2026-01-10 14:50:36.314646] SUID: /usr/bin/kismet_cap_linux_bluetooth
[2026-01-10 14:50:36.314666] SUID: /usr/bin/chsh
[2026-01-10 14:50:36.314686] SUID: /usr/bin/mount
[2026-01-10 14:50:36.314705] SUID: /usr/bin/sudo
[2026-01-10 14:50:36.314725] SUID: /usr/bin/kismet_cap_nrf_mousejack
[2026-01-10 14:50:36.314744] SUID: /usr/bin/kismet_cap_hak5_wifi_coconut
[2026-01-10 14:50:36.315810] Kernel: 6.12.38+kali-amd64 | Senaste: 6.18.4
[2026-01-10 14:50:36.315862] VARNING: Kernel ej uppdaterad
[2026-01-10 14:50:36.316480] UID 0-användare: root
Loggning avslutas.
|------------------------------------||------------------------------------|
Loggning startad {datum}
[2026-01-10 14:56:38.265519] SUID-filer hittade: 33
[2026-01-10 14:56:38.265857] SUID: /usr/sbin/pppd
[2026-01-10 14:56:38.265894] SUID: /usr/sbin/mount.nfs
[2026-01-10 14:56:38.265918] SUID: /usr/sbin/mount.cifs
[2026-01-10 14:56:38.265940] SUID: /usr/lib/xorg/Xorg.wrap
[2026-01-10 14:56:38.265961] SUID: /usr/lib/polkit-1/polkit-agent-helper-1
[2026-01-10 14:56:38.265982] SUID: /usr/lib/dbus-1.0/dbus-daemon-launch-helper
[2026-01-10 14:56:38.266003] SUID: /usr/lib/chromium/chrome-sandbox
[2026-01-10 14:56:38.266023] SUID: /usr/lib/openssh/ssh-keysign
[2026-01-10 14:56:38.266043] SUID: /usr/bin/passwd
[2026-01-10 14:56:38.266063] SUID: /usr/bin/kismet_cap_rz_killerbee
[2026-01-10 14:56:38.266083] SUID: /usr/bin/kismet_cap_ti_cc_2531
[2026-01-10 14:56:38.266120] SUID: /usr/bin/rsh-redone-rsh
[2026-01-10 14:56:38.266139] SUID: /usr/bin/kismet_cap_nxp_kw41z
[2026-01-10 14:56:38.266158] SUID: /usr/bin/umount
[2026-01-10 14:56:38.266177] SUID: /usr/bin/ntfs-3g
[2026-01-10 14:56:38.266195] SUID: /usr/bin/su
[2026-01-10 14:56:38.266213] SUID: /usr/bin/newgrp
[2026-01-10 14:56:38.266231] SUID: /usr/bin/chfn
[2026-01-10 14:56:38.266249] SUID: /usr/bin/kismet_cap_nrf_51822
[2026-01-10 14:56:38.266267] SUID: /usr/bin/kismet_cap_linux_wifi
[2026-01-10 14:56:38.266285] SUID: /usr/bin/kismet_cap_ti_cc_2540
[2026-01-10 14:56:38.266302] SUID: /usr/bin/kismet_cap_nrf_52840
[2026-01-10 14:56:38.266320] SUID: /usr/bin/gpasswd
[2026-01-10 14:56:38.266339] SUID: /usr/bin/kismet_cap_ubertooth_one
[2026-01-10 14:56:38.266356] SUID: /usr/bin/fusermount3
[2026-01-10 14:56:38.266375] SUID: /usr/bin/pkexec
[2026-01-10 14:56:38.266393] SUID: /usr/bin/rsh-redone-rlogin
[2026-01-10 14:56:38.266410] SUID: /usr/bin/kismet_cap_linux_bluetooth
[2026-01-10 14:56:38.266428] SUID: /usr/bin/chsh
[2026-01-10 14:56:38.266446] SUID: /usr/bin/mount
[2026-01-10 14:56:38.266463] SUID: /usr/bin/sudo
[2026-01-10 14:56:38.266482] SUID: /usr/bin/kismet_cap_nrf_mousejack
[2026-01-10 14:56:38.266500] SUID: /usr/bin/kismet_cap_hak5_wifi_coconut
[2026-01-10 14:56:38.266826] Kernel: 6.12.38+kali-amd64 | Senaste: 6.18.4
[2026-01-10 14:56:38.266866] VARNING: Kernel ej uppdaterad
[2026-01-10 14:56:38.267430] UID 0-användare: root
Loggning avslutas.
|------------------------------------|